
> arrivio-frontend@0.0.0 test
> vitest


[1m[44m DEV [49m[22m [34mv4.0.18 [39m[90mD:/Arrivio Space[39m

node.exe : [31mÔÄ»ÔÄ»
ÔÄ»ÔÄ»ÔÄ»ÔÄ»[39m[1m
[41m Unhandled Errors 
[49m[22m[31mÔÄ»ÔÄ»Ô
Ä»ÔÄ»ÔÄ»ÔÄ»[39m
At C:\Program Files\no
dejs\npm.ps1:29 char:3
+   & $NODE_EXE 
$NPM_CLI_JS $args
+   ~~~~~~~~~~~~~~~~~~
~~~~~~~~~~~
    + CategoryInfo    
          : NotSpeci  
  fied: ([31mÔÄ»ÔÄ   
 »ÔÄ»Ô...»ÔÄ»ÔÄ»ÔÄ    
»[39m:String) []    
, RemoteException
    + FullyQualifiedE 
   rrorId : NativeCo  
  mmandError
 
[31m[1m
Vitest caught 2 
unhandled errors 
during the test run.
This might cause 
false positive tests. 
Resolve unhandled 
errors to make sure 
your tests are not 
affected.[22m[39m

[31mÔÄ»ÔÄ»ÔÄ»ÔÄ»ÔÄ»ÔÄ
»[39m[1m[41m 
Unhandled Error [49m
[22m[31mÔÄ»ÔÄ»ÔÄ»ÔÄ»Ô
Ä»ÔÄ»ÔÄ»[39m
[31m[1mError[22m: 
[vitest-pool]: Failed 
to start forks worker 
for test files 
D:/Arrivio Space/src/c
omponents/search/__tes
ts__/FilterPanel.test.
jsx.[39m
[90m [2mÔØ»[22m ../
Arrivio%20Space/node_m
odules/vitest/dist/chu
nks/cli-api.B7PN_QUv.j
s:[2m8046:94[22m[39
m
[90m [2mÔØ»[22m pro
cessTicksAndRejections
 node:internal/process
/task_queues:[2m105:5
[22m[39m
[90m [2mÔØ»[22m 
Pool.schedule ../Arriv
io%20Space/node_module
s/vitest/dist/chunks/c
li-api.B7PN_QUv.js:[2
m8046:5[22m[39m

[31m[1mCaused by: 
Error[22m: require() 
of ES Module 
D:\Arrivio Space\node_
modules\@exodus\bytes\
encoding-lite.js from 
D:\Arrivio Space\node_
modules\html-encoding-
sniffer\lib\html-encod
ing-sniffer.js not 
supported.
Instead change the 
require of 
encoding-lite.js in 
D:\Arrivio Space\node_
modules\html-encoding-
sniffer\lib\html-encod
ing-sniffer.js to a 
dynamic import() 
which is available in 
all CommonJS 
modules.[39m
[90m [2mÔØ»[22m Tra
cingChannel.traceSync 
node:diagnostics_chann
el:[2m315:14[22m[39
m
[90m [2mÔØ»[22m 
Object.<anonymous> nod
e_modules/html-encodin
g-sniffer/lib/html-enc
oding-sniffer.js:[2m2
:41[22m[39m

[31m[2mÔÄ»ÔÄ»ÔÄ»ÔÄ»Ô
Ä»ÔÄ»ÔÄ»ÔÄ»ÔÄ»ÔÄ»ÔÄ»ÔÄ
»ÔÄ»ÔÄ»ÔÄ»ÔÄ»ÔÄ»ÔÄ»ÔÄ»
ÔÄ»ÔÄ»ÔÄ»ÔÄ»ÔÄ»ÔÄ»ÔÄ»Ô
Ä»ÔÄ»ÔÄ»ÔÄ»[22m[39m
[31m[1mSerialized 
Error:[22m[39m 
[90m{ code: 
'ERR_REQUIRE_ESM' 
}[39m

[31mÔÄ»ÔÄ»ÔÄ»ÔÄ»ÔÄ»ÔÄ
»[39m[1m[41m 
Unhandled Error [49m
[22m[31mÔÄ»ÔÄ»ÔÄ»ÔÄ»Ô
Ä»ÔÄ»ÔÄ»[39m
[31m[1mError[22m: 
[vitest-pool]: Failed 
to start forks worker 
for test files 
D:/Arrivio Space/src/p
ages/__tests__/Landing
.test.jsx.[39m
[90m [2mÔØ»[22m ../
Arrivio%20Space/node_m
odules/vitest/dist/chu
nks/cli-api.B7PN_QUv.j
s:[2m8046:94[22m[39
m
[90m [2mÔØ»[22m pro
cessTicksAndRejections
 node:internal/process
/task_queues:[2m105:5
[22m[39m
[90m [2mÔØ»[22m 
Pool.schedule ../Arriv
io%20Space/node_module
s/vitest/dist/chunks/c
li-api.B7PN_QUv.js:[2
m8046:5[22m[39m

[31m[1mCaused by: 
Error[22m: require() 
of ES Module 
D:\Arrivio Space\node_
modules\@exodus\bytes\
encoding-lite.js from 
D:\Arrivio Space\node_
modules\html-encoding-
sniffer\lib\html-encod
ing-sniffer.js not 
supported.
Instead change the 
require of 
encoding-lite.js in 
D:\Arrivio Space\node_
modules\html-encoding-
sniffer\lib\html-encod
ing-sniffer.js to a 
dynamic import() 
which is available in 
all CommonJS 
modules.[39m
[90m [2mÔØ»[22m Tra
cingChannel.traceSync 
node:diagnostics_chann
el:[2m315:14[22m[39
m
[90m [2mÔØ»[22m 
Object.<anonymous> nod
e_modules/html-encodin
g-sniffer/lib/html-enc
oding-sniffer.js:[2m2
:41[22m[39m

[31m[2mÔÄ»ÔÄ»ÔÄ»ÔÄ»Ô
Ä»ÔÄ»ÔÄ»ÔÄ»ÔÄ»ÔÄ»ÔÄ»ÔÄ
»ÔÄ»ÔÄ»ÔÄ»ÔÄ»ÔÄ»ÔÄ»ÔÄ»
ÔÄ»ÔÄ»ÔÄ»ÔÄ»ÔÄ»ÔÄ»ÔÄ»Ô
Ä»ÔÄ»ÔÄ»ÔÄ»[22m[39m
[31m[1mSerialized 
Error:[22m[39m 
[90m{ code: 
'ERR_REQUIRE_ESM' 
}[39m
[31mÔÄ»ÔÄ»ÔÄ»ÔÄ»ÔÄ»ÔÄ
»ÔÄ»ÔÄ»ÔÄ»ÔÄ»ÔÄ»ÔÄ»ÔÄ»
ÔÄ»ÔÄ»ÔÄ»ÔÄ»ÔÄ»ÔÄ»ÔÄ»Ô
Ä»ÔÄ»ÔÄ»ÔÄ»ÔÄ»ÔÄ»ÔÄ»ÔÄ
»ÔÄ»ÔÄ»[39m


[2m Test Files [22m [2mno tests[22m
[2m      Tests [22m [2mno tests[22m
[2m     Errors [22m [1m[31m2 errors[39m[22m
[2m   Start at [22m 05:17:01
[2m   Duration [22m 567ms[2m (transform 0ms, setup 0ms, import 0ms, tests 0ms, environment 0ms)[22m

[1m[41m FAIL [49m[22m [31mTests failed. Watching for file changes...[39m
       [2mpress [22m[1mh[22m[2m to show help[22m[2m, [22m[2mpress [22m[1mq[22m[2m to quit[22m
